#
# There is insufficient memory for the Java Runtime Environment to continue.
# Native memory allocation (malloc) failed to allocate 32744 bytes. Error detail: Chunk::new
# Possible reasons:
#   The system is out of physical RAM or swap space
#   This process is running with CompressedOops enabled, and the Java Heap may be blocking the growth of the native heap
# Possible solutions:
#   Reduce memory load on the system
#   Increase physical memory or swap space
#   Check if swap backing store is full
#   Decrease Java heap size (-Xmx/-Xms)
#   Decrease number of Java threads
#   Decrease Java thread stack sizes (-Xss)
#   Set larger code cache with -XX:ReservedCodeCacheSize=
#   JVM is running with Unscaled Compressed Oops mode in which the Java heap is
#     placed in the first 4GB address space. The Java Heap base address is the
#     maximum limit for the native heap growth. Please use -XX:HeapBaseMinAddress
#     to set the Java Heap base and to place the Java Heap above 4GB virtual address.
# This output file may be truncated or incomplete.
#
#  Out of Memory Error (arena.cpp:168), pid=2420, tid=11940
#
# JRE version: OpenJDK Runtime Environment (21.0.9) (build 21.0.9+-14787801-b1163.94)
# Java VM: OpenJDK 64-Bit Server VM (21.0.9+-14787801-b1163.94, mixed mode, tiered, compressed oops, compressed class ptrs, g1 gc, windows-amd64)
# No core dump will be written. Minidumps are not enabled by default on client versions of Windows
#

---------------  S U M M A R Y ------------

Command Line: org.jetbrains.kotlin.cli.jvm.K2JVMCompiler @C:\Users\VENKAT\AndroidStudioProjects\Breedclassifier\app\build\20260326_16073361903944169788.compiler.options

Host: 11th Gen Intel(R) Core(TM) i3-1115G4 @ 3.00GHz, 4 cores, 7G,  Windows 11 , 64 bit Build 26100 (10.0.26100.7920)
Time: Thu Mar 26 14:40:58 2026 India Standard Time elapsed time: 57.826889 seconds (0d 0h 0m 57s)

---------------  T H R E A D  ---------------

Current thread (0x000001973019d170):  JavaThread "C2 CompilerThread0" daemon [_thread_in_native, id=11940, stack(0x00000027bb000000,0x00000027bb100000) (1024K)]


Current CompileTask:
C2:57827 7551       4       org.jetbrains.kotlin.fir.resolve.providers.FirSymbolNamesProvider::mayHaveTopLevelClassifier (77 bytes)

Stack: [0x00000027bb000000,0x00000027bb100000]
Native frames: (J=compiled Java code, j=interpreted, Vv=VM code, C=native code)
V  [jvm.dll+0x6d6c99]
V  [jvm.dll+0x866b83]
V  [jvm.dll+0x8691ae]
V  [jvm.dll+0x869893]
V  [jvm.dll+0x280776]
V  [jvm.dll+0xc07cd]
V  [jvm.dll+0xc0d03]
V  [jvm.dll+0x2e9696]
V  [jvm.dll+0x2e9480]
V  [jvm.dll+0x8228c0]
V  [jvm.dll+0x39f88c]
V  [jvm.dll+0x39d756]
V  [jvm.dll+0x5ca4cc]
V  [jvm.dll+0x5d8704]
V  [jvm.dll+0x5c10b5]
V  [jvm.dll+0x2f4c14]
V  [jvm.dll+0x6f1106]
V  [jvm.dll+0x6e935b]
V  [jvm.dll+0x6e8802]
V  [jvm.dll+0x6e69ca]
V  [jvm.dll+0x1ca51c]
V  [jvm.dll+0x2f4c14]
V  [jvm.dll+0x6f1106]
V  [jvm.dll+0x6e935b]
V  [jvm.dll+0x6e8802]
V  [jvm.dll+0x6e69ca]
V  [jvm.dll+0x1ca51c]
V  [jvm.dll+0x2f4c14]
V  [jvm.dll+0x6f1106]
V  [jvm.dll+0x6e935b]
V  [jvm.dll+0x6e8802]
V  [jvm.dll+0x6e69ca]
V  [jvm.dll+0x1ca51c]
V  [jvm.dll+0x1cb0ca]
V  [jvm.dll+0x2f4c14]
V  [jvm.dll+0x6f1106]
V  [jvm.dll+0x6e935b]
V  [jvm.dll+0x6e8802]
V  [jvm.dll+0x6e69ca]
V  [jvm.dll+0x1ca51c]
V  [jvm.dll+0x1cb0ca]
V  [jvm.dll+0x2f4c14]
V  [jvm.dll+0x6f1106]
V  [jvm.dll+0x6e935b]
V  [jvm.dll+0x6e8802]
V  [jvm.dll+0x6e69ca]
V  [jvm.dll+0x1ca51c]
V  [jvm.dll+0x1cb0ca]
V  [jvm.dll+0x2f4c14]
V  [jvm.dll+0x6f1106]
V  [jvm.dll+0x6e935b]
V  [jvm.dll+0x6e8802]
V  [jvm.dll+0x6e69ca]
V  [jvm.dll+0x1ca51c]
V  [jvm.dll+0x1cb0ca]
V  [jvm.dll+0x2f4c14]
V  [jvm.dll+0x6f1106]
V  [jvm.dll+0x6e935b]
V  [jvm.dll+0x6e8802]
V  [jvm.dll+0x6e69ca]
V  [jvm.dll+0x1ca51c]
V  [jvm.dll+0x2f4c14]
V  [jvm.dll+0x6f1106]
V  [jvm.dll+0x6e935b]
V  [jvm.dll+0x6e8802]
V  [jvm.dll+0x6e69ca]
V  [jvm.dll+0x1ca51c]
V  [jvm.dll+0x1cb0ca]
V  [jvm.dll+0x2f4c14]
V  [jvm.dll+0x6f1106]
V  [jvm.dll+0x6e935b]
V  [jvm.dll+0x6e8802]
V  [jvm.dll+0x6e69ca]
V  [jvm.dll+0x1ca51c]
V  [jvm.dll+0x1cb0ca]
V  [jvm.dll+0x1cb0ca]
V  [jvm.dll+0x2f4c14]
V  [jvm.dll+0x6f1106]
V  [jvm.dll+0x6e935b]
V  [jvm.dll+0x6e8802]
V  [jvm.dll+0x6e69ca]
V  [jvm.dll+0x1ca51c]
V  [jvm.dll+0x2485cd]
V  [jvm.dll+0x1c7344]
V  [jvm.dll+0x2581ae]
V  [jvm.dll+0x2566f6]
V  [jvm.dll+0x3f48a6]
V  [jvm.dll+0x80f118]
V  [jvm.dll+0x6d54ed]
C  [ucrtbase.dll+0x37b0]
C  [KERNEL32.DLL+0x2e8d7]
C  [ntdll.dll+0x8c48c]


---------------  P R O C E S S  ---------------

Threads class SMR info:
_java_thread_list=0x000001973030d050, length=11, elements={
0x0000019719303ee0, 0x000001973014d210, 0x000001973017dfa0, 0x0000019730188410,
0x0000019730195450, 0x0000019730196ad0, 0x0000019730197140, 0x00000197301977b0,
0x000001973019d170, 0x00000197301a3160, 0x000001973033f770
}

Java Threads: ( => current thread )
  0x0000019719303ee0 JavaThread "main"                              [_thread_in_Java, id=19080, stack(0x00000027ba100000,0x00000027ba200000) (1024K)]
  0x000001973014d210 JavaThread "Common-Cleaner"             daemon [_thread_blocked, id=12296, stack(0x00000027ba900000,0x00000027baa00000) (1024K)]
  0x000001973017dfa0 JavaThread "Reference Handler"          daemon [_thread_blocked, id=6984, stack(0x00000027baa00000,0x00000027bab00000) (1024K)]
  0x0000019730188410 JavaThread "Finalizer"                  daemon [_thread_blocked, id=12196, stack(0x00000027bab00000,0x00000027bac00000) (1024K)]
  0x0000019730195450 JavaThread "Signal Dispatcher"          daemon [_thread_blocked, id=8992, stack(0x00000027bac00000,0x00000027bad00000) (1024K)]
  0x0000019730196ad0 JavaThread "Attach Listener"            daemon [_thread_blocked, id=12932, stack(0x00000027bad00000,0x00000027bae00000) (1024K)]
  0x0000019730197140 JavaThread "Service Thread"             daemon [_thread_blocked, id=19396, stack(0x00000027bae00000,0x00000027baf00000) (1024K)]
  0x00000197301977b0 JavaThread "Monitor Deflation Thread"   daemon [_thread_blocked, id=5688, stack(0x00000027baf00000,0x00000027bb000000) (1024K)]
=>0x000001973019d170 JavaThread "C2 CompilerThread0"         daemon [_thread_in_native, id=11940, stack(0x00000027bb000000,0x00000027bb100000) (1024K)]
  0x00000197301a3160 JavaThread "C1 CompilerThread0"         daemon [_thread_in_native, id=9148, stack(0x00000027bb100000,0x00000027bb200000) (1024K)]
  0x000001973033f770 JavaThread "Notification Thread"        daemon [_thread_blocked, id=16884, stack(0x00000027bb200000,0x00000027bb300000) (1024K)]
Total: 11

Other Threads:
  0x000001972ffa1fc0 VMThread "VM Thread"                           [id=18556, stack(0x00000027ba800000,0x00000027ba900000) (1024K)]
  0x000001972ff5b4d0 WatcherThread "VM Periodic Task Thread"        [id=7556, stack(0x00000027ba700000,0x00000027ba800000) (1024K)]
  0x00000197193592f0 WorkerThread "GC Thread#0"                     [id=18176, stack(0x00000027ba200000,0x00000027ba300000) (1024K)]
  0x000001973086e550 WorkerThread "GC Thread#1"                     [id=13524, stack(0x00000027bb300000,0x00000027bb400000) (1024K)]
  0x00000197308c6880 WorkerThread "GC Thread#2"                     [id=8344, stack(0x00000027bb400000,0x00000027bb500000) (1024K)]
  0x00000197308c6c20 WorkerThread "GC Thread#3"                     [id=12872, stack(0x00000027bb500000,0x00000027bb600000) (1024K)]
  0x00000197193697d0 ConcurrentGCThread "G1 Main Marker"            [id=11748, stack(0x00000027ba300000,0x00000027ba400000) (1024K)]
  0x000001971936b110 WorkerThread "G1 Conc#0"                       [id=19312, stack(0x00000027ba400000,0x00000027ba500000) (1024K)]
  0x00000197193ce690 ConcurrentGCThread "G1 Refine#0"               [id=15564, stack(0x00000027ba500000,0x00000027ba600000) (1024K)]
  0x000001972fe25230 ConcurrentGCThread "G1 Service"                [id=17964, stack(0x00000027ba600000,0x00000027ba700000) (1024K)]
Total: 10

Threads with active compile tasks:
C2 CompilerThread0  57922 7551       4       org.jetbrains.kotlin.fir.resolve.providers.FirSymbolNamesProvider::mayHaveTopLevelClassifier (77 bytes)
C1 CompilerThread0  57922 7547       3       org.jetbrains.kotlin.fir.deserialization.ClassDeserializationKt::deserializeClassToSymbol (2868 bytes)
Total: 2

VM state: not at safepoint (normal execution)

VM Mutex/Monitor currently owned by a thread: None

Heap address: 0x0000000085800000, size: 1960 MB, Compressed Oops mode: 32-bit

CDS archive(s) not mapped
Compressed class space mapped at: 0x0000000100000000-0x0000000140000000, reserved size: 1073741824
Narrow klass base: 0x0000000000000000, Narrow klass shift: 3, Narrow klass range: 0x140000000

GC Precious Log:
 CardTable entry size: 512
 Card Set container configuration: InlinePtr #cards 5 size 8 Array Of Cards #cards 12 size 40 Howl #buckets 4 coarsen threshold 1843 Howl Bitmap #cards 512 size 80 coarsen threshold 460 Card regions per heap region 1 cards per card region 2048
 CPUs: 4 total, 4 available
 Memory: 7834M
 Large Page Support: Disabled
 NUMA Support: Disabled
 Compressed Oops: Enabled (32-bit)
 Heap Region Size: 1M
 Heap Min Capacity: 8M
 Heap Initial Capacity: 124M
 Heap Max Capacity: 1960M
 Pre-touch: Disabled
 Parallel Workers: 4
 Concurrent Workers: 1
 Concurrent Refinement Workers: 4
 Periodic GC: Disabled

Heap:
 garbage-first heap   total 155648K, used 110485K [0x0000000085800000, 0x0000000100000000)
  region size 1024K, 11 young (11264K), 5 survivors (5120K)
 Metaspace       used 61582K, committed 61888K, reserved 1114112K
  class space    used 7116K, committed 7232K, reserved 1048576K

Heap Regions: E=young(eden), S=young(survivor), O=old, HS=humongous(starts), HC=humongous(continues), CS=collection set, F=free, TAMS=top-at-mark-start, PB=parsable bottom
|   0|0x0000000085800000, 0x0000000085900000, 0x0000000085900000|100%|HS|  |TAMS 0x0000000085800000| PB 0x0000000085800000| Complete 
|   1|0x0000000085900000, 0x0000000085a00000, 0x0000000085a00000|100%|HC|  |TAMS 0x0000000085900000| PB 0x0000000085900000| Complete 
|   2|0x0000000085a00000, 0x0000000085b00000, 0x0000000085b00000|100%|HC|  |TAMS 0x0000000085a00000| PB 0x0000000085a00000| Complete 
|   3|0x0000000085b00000, 0x0000000085c00000, 0x0000000085c00000|100%| O|  |TAMS 0x0000000085b00000| PB 0x0000000085b00000| Untracked 
|   4|0x0000000085c00000, 0x0000000085d00000, 0x0000000085d00000|100%| O|  |TAMS 0x0000000085c00000| PB 0x0000000085c00000| Untracked 
|   5|0x0000000085d00000, 0x0000000085e00000, 0x0000000085e00000|100%| O|  |TAMS 0x0000000085d00000| PB 0x0000000085d00000| Untracked 
|   6|0x0000000085e00000, 0x0000000085f00000, 0x0000000085f00000|100%| O|  |TAMS 0x0000000085e00000| PB 0x0000000085e00000| Untracked 
|   7|0x0000000085f00000, 0x0000000086000000, 0x0000000086000000|100%| O|  |TAMS 0x0000000085f00000| PB 0x0000000085f00000| Untracked 
|   8|0x0000000086000000, 0x0000000086100000, 0x0000000086100000|100%| O|  |TAMS 0x0000000086000000| PB 0x0000000086000000| Untracked 
|   9|0x0000000086100000, 0x0000000086200000, 0x0000000086200000|100%| O|  |TAMS 0x0000000086100000| PB 0x0000000086100000| Untracked 
|  10|0x0000000086200000, 0x0000000086300000, 0x0000000086300000|100%| O|  |TAMS 0x0000000086200000| PB 0x0000000086200000| Untracked 
|  11|0x0000000086300000, 0x0000000086400000, 0x0000000086400000|100%| O|  |TAMS 0x0000000086300000| PB 0x0000000086300000| Untracked 
|  12|0x0000000086400000, 0x0000000086500000, 0x0000000086500000|100%| O|  |TAMS 0x0000000086400000| PB 0x0000000086400000| Untracked 
|  13|0x0000000086500000, 0x0000000086600000, 0x0000000086600000|100%| O|  |TAMS 0x0000000086500000| PB 0x0000000086500000| Untracked 
|  14|0x0000000086600000, 0x0000000086700000, 0x0000000086700000|100%| O|  |TAMS 0x0000000086600000| PB 0x0000000086600000| Untracked 
|  15|0x0000000086700000, 0x0000000086800000, 0x0000000086800000|100%| O|  |TAMS 0x0000000086700000| PB 0x0000000086700000| Untracked 
|  16|0x0000000086800000, 0x0000000086900000, 0x0000000086900000|100%| O|  |TAMS 0x0000000086800000| PB 0x0000000086800000| Untracked 
|  17|0x0000000086900000, 0x0000000086a00000, 0x0000000086a00000|100%| O|  |TAMS 0x0000000086900000| PB 0x0000000086900000| Untracked 
|  18|0x0000000086a00000, 0x0000000086b00000, 0x0000000086b00000|100%| O|  |TAMS 0x0000000086a00000| PB 0x0000000086a00000| Untracked 
|  19|0x0000000086b00000, 0x0000000086c00000, 0x0000000086c00000|100%| O|  |TAMS 0x0000000086b00000| PB 0x0000000086b00000| Untracked 
|  20|0x0000000086c00000, 0x0000000086d00000, 0x0000000086d00000|100%| O|  |TAMS 0x0000000086c00000| PB 0x0000000086c00000| Untracked 
|  21|0x0000000086d00000, 0x0000000086e00000, 0x0000000086e00000|100%| O|  |TAMS 0x0000000086d00000| PB 0x0000000086d00000| Untracked 
|  22|0x0000000086e00000, 0x0000000086f00000, 0x0000000086f00000|100%| O|  |TAMS 0x0000000086e00000| PB 0x0000000086e00000| Untracked 
|  23|0x0000000086f00000, 0x0000000087000000, 0x0000000087000000|100%| O|  |TAMS 0x0000000086f00000| PB 0x0000000086f00000| Untracked 
|  24|0x0000000087000000, 0x0000000087100000, 0x0000000087100000|100%| O|  |TAMS 0x0000000087000000| PB 0x0000000087000000| Untracked 
|  25|0x0000000087100000, 0x0000000087200000, 0x0000000087200000|100%| O|  |TAMS 0x0000000087100000| PB 0x0000000087100000| Untracked 
|  26|0x0000000087200000, 0x0000000087300000, 0x0000000087300000|100%| O|  |TAMS 0x0000000087200000| PB 0x0000000087200000| Untracked 
|  27|0x0000000087300000, 0x0000000087400000, 0x0000000087400000|100%| O|  |TAMS 0x0000000087300000| PB 0x0000000087300000| Untracked 
|  28|0x0000000087400000, 0x0000000087500000, 0x0000000087500000|100%| O|  |TAMS 0x0000000087400000| PB 0x0000000087400000| Untracked 
|  29|0x0000000087500000, 0x0000000087600000, 0x0000000087600000|100%| O|  |TAMS 0x0000000087500000| PB 0x0000000087500000| Untracked 
|  30|0x0000000087600000, 0x0000000087700000, 0x0000000087700000|100%| O|  |TAMS 0x0000000087600000| PB 0x0000000087600000| Untracked 
|  31|0x0000000087700000, 0x0000000087800000, 0x0000000087800000|100%| O|  |TAMS 0x0000000087700000| PB 0x0000000087700000| Untracked 
|  32|0x0000000087800000, 0x0000000087900000, 0x0000000087900000|100%| O|  |TAMS 0x0000000087800000| PB 0x0000000087800000| Untracked 
|  33|0x0000000087900000, 0x0000000087a00000, 0x0000000087a00000|100%| O|  |TAMS 0x0000000087900000| PB 0x0000000087900000| Untracked 
|  34|0x0000000087a00000, 0x0000000087b00000, 0x0000000087b00000|100%| O|  |TAMS 0x0000000087a00000| PB 0x0000000087a00000| Untracked 
|  35|0x0000000087b00000, 0x0000000087c00000, 0x0000000087c00000|100%| O|  |TAMS 0x0000000087b00000| PB 0x0000000087b00000| Untracked 
|  36|0x0000000087c00000, 0x0000000087d00000, 0x0000000087d00000|100%| O|  |TAMS 0x0000000087c00000| PB 0x0000000087c00000| Untracked 
|  37|0x0000000087d00000, 0x0000000087e00000, 0x0000000087e00000|100%| O|  |TAMS 0x0000000087d00000| PB 0x0000000087d00000| Untracked 
|  38|0x0000000087e00000, 0x0000000087f00000, 0x0000000087f00000|100%| O|  |TAMS 0x0000000087e00000| PB 0x0000000087e00000| Untracked 
|  39|0x0000000087f00000, 0x0000000088000000, 0x0000000088000000|100%| O|  |TAMS 0x0000000087f00000| PB 0x0000000087f00000| Untracked 
|  40|0x0000000088000000, 0x0000000088100000, 0x0000000088100000|100%| O|  |TAMS 0x0000000088000000| PB 0x0000000088000000| Untracked 
|  41|0x0000000088100000, 0x0000000088200000, 0x0000000088200000|100%| O|  |TAMS 0x0000000088100000| PB 0x0000000088100000| Untracked 
|  42|0x0000000088200000, 0x0000000088300000, 0x0000000088300000|100%| O|  |TAMS 0x0000000088200000| PB 0x0000000088200000| Untracked 
|  43|0x0000000088300000, 0x0000000088400000, 0x0000000088400000|100%| O|  |TAMS 0x0000000088300000| PB 0x0000000088300000| Untracked 
|  44|0x0000000088400000, 0x0000000088500000, 0x0000000088500000|100%| O|  |TAMS 0x0000000088400000| PB 0x0000000088400000| Untracked 
|  45|0x0000000088500000, 0x0000000088600000, 0x0000000088600000|100%| O|  |TAMS 0x0000000088500000| PB 0x0000000088500000| Untracked 
|  46|0x0000000088600000, 0x0000000088700000, 0x0000000088700000|100%| O|  |TAMS 0x0000000088600000| PB 0x0000000088600000| Untracked 
|  47|0x0000000088700000, 0x0000000088800000, 0x0000000088800000|100%| O|  |TAMS 0x0000000088700000| PB 0x0000000088700000| Untracked 
|  48|0x0000000088800000, 0x0000000088900000, 0x0000000088900000|100%| O|  |TAMS 0x0000000088800000| PB 0x0000000088800000| Untracked 
|  49|0x0000000088900000, 0x0000000088a00000, 0x0000000088a00000|100%| O|  |TAMS 0x0000000088900000| PB 0x0000000088900000| Untracked 
|  50|0x0000000088a00000, 0x0000000088b00000, 0x0000000088b00000|100%| O|  |TAMS 0x0000000088a00000| PB 0x0000000088a00000| Untracked 
|  51|0x0000000088b00000, 0x0000000088c00000, 0x0000000088c00000|100%| O|  |TAMS 0x0000000088b00000| PB 0x0000000088b00000| Untracked 
|  52|0x0000000088c00000, 0x0000000088d00000, 0x0000000088d00000|100%| O|  |TAMS 0x0000000088c00000| PB 0x0000000088c00000| Untracked 
|  53|0x0000000088d00000, 0x0000000088e00000, 0x0000000088e00000|100%| O|  |TAMS 0x0000000088d00000| PB 0x0000000088d00000| Untracked 
|  54|0x0000000088e00000, 0x0000000088f00000, 0x0000000088f00000|100%| O|  |TAMS 0x0000000088e00000| PB 0x0000000088e00000| Untracked 
|  55|0x0000000088f00000, 0x0000000089000000, 0x0000000089000000|100%| O|  |TAMS 0x0000000088f00000| PB 0x0000000088f00000| Untracked 
|  56|0x0000000089000000, 0x0000000089100000, 0x0000000089100000|100%| O|  |TAMS 0x0000000089000000| PB 0x0000000089000000| Untracked 
|  57|0x0000000089100000, 0x0000000089200000, 0x0000000089200000|100%| O|  |TAMS 0x0000000089100000| PB 0x0000000089100000| Untracked 
|  58|0x0000000089200000, 0x0000000089300000, 0x0000000089300000|100%| O|  |TAMS 0x0000000089200000| PB 0x0000000089200000| Untracked 
|  59|0x0000000089300000, 0x0000000089400000, 0x0000000089400000|100%| O|  |TAMS 0x0000000089300000| PB 0x0000000089300000| Untracked 
|  60|0x0000000089400000, 0x0000000089500000, 0x0000000089500000|100%| O|  |TAMS 0x0000000089400000| PB 0x0000000089400000| Untracked 
|  61|0x0000000089500000, 0x0000000089600000, 0x0000000089600000|100%| O|  |TAMS 0x0000000089500000| PB 0x0000000089500000| Untracked 
|  62|0x0000000089600000, 0x0000000089700000, 0x0000000089700000|100%| O|  |TAMS 0x0000000089600000| PB 0x0000000089600000| Untracked 
|  63|0x0000000089700000, 0x0000000089800000, 0x0000000089800000|100%| O|  |TAMS 0x0000000089700000| PB 0x0000000089700000| Untracked 
|  64|0x0000000089800000, 0x0000000089900000, 0x0000000089900000|100%| O|  |TAMS 0x0000000089800000| PB 0x0000000089800000| Untracked 
|  65|0x0000000089900000, 0x0000000089a00000, 0x0000000089a00000|100%| O|  |TAMS 0x0000000089900000| PB 0x0000000089900000| Untracked 
|  66|0x0000000089a00000, 0x0000000089b00000, 0x0000000089b00000|100%| O|  |TAMS 0x0000000089a00000| PB 0x0000000089a00000| Untracked 
|  67|0x0000000089b00000, 0x0000000089b00000, 0x0000000089c00000|  0%| F|  |TAMS 0x0000000089b00000| PB 0x0000000089b00000| Untracked 
|  68|0x0000000089c00000, 0x0000000089d00000, 0x0000000089d00000|100%| O|  |TAMS 0x0000000089c00000| PB 0x0000000089c00000| Untracked 
|  69|0x0000000089d00000, 0x0000000089e00000, 0x0000000089e00000|100%| O|  |TAMS 0x0000000089d00000| PB 0x0000000089d00000| Untracked 
|  70|0x0000000089e00000, 0x0000000089f00000, 0x0000000089f00000|100%| O|  |TAMS 0x0000000089e00000| PB 0x0000000089e00000| Untracked 
|  71|0x0000000089f00000, 0x000000008a000000, 0x000000008a000000|100%| O|  |TAMS 0x0000000089f00000| PB 0x0000000089f00000| Untracked 
|  72|0x000000008a000000, 0x000000008a100000, 0x000000008a100000|100%| O|  |TAMS 0x000000008a000000| PB 0x000000008a000000| Untracked 
|  73|0x000000008a100000, 0x000000008a200000, 0x000000008a200000|100%| O|  |TAMS 0x000000008a100000| PB 0x000000008a100000| Untracked 
|  74|0x000000008a200000, 0x000000008a300000, 0x000000008a300000|100%| O|  |TAMS 0x000000008a200000| PB 0x000000008a200000| Untracked 
|  75|0x000000008a300000, 0x000000008a400000, 0x000000008a400000|100%| O|  |TAMS 0x000000008a300000| PB 0x000000008a300000| Untracked 
|  76|0x000000008a400000, 0x000000008a500000, 0x000000008a500000|100%| O|  |TAMS 0x000000008a400000| PB 0x000000008a400000| Untracked 
|  77|0x000000008a500000, 0x000000008a600000, 0x000000008a600000|100%| O|  |TAMS 0x000000008a500000| PB 0x000000008a500000| Untracked 
|  78|0x000000008a600000, 0x000000008a700000, 0x000000008a700000|100%| O|  |TAMS 0x000000008a600000| PB 0x000000008a600000| Untracked 
|  79|0x000000008a700000, 0x000000008a700000, 0x000000008a800000|  0%| F|  |TAMS 0x000000008a700000| PB 0x000000008a700000| Untracked 
|  80|0x000000008a800000, 0x000000008a900000, 0x000000008a900000|100%| O|  |TAMS 0x000000008a800000| PB 0x000000008a800000| Untracked 
|  81|0x000000008a900000, 0x000000008aa00000, 0x000000008aa00000|100%| O|  |TAMS 0x000000008a900000| PB 0x000000008a900000| Untracked 
|  82|0x000000008aa00000, 0x000000008ab00000, 0x000000008ab00000|100%| O|  |TAMS 0x000000008aa00000| PB 0x000000008aa00000| Untracked 
|  83|0x000000008ab00000, 0x000000008ac00000, 0x000000008ac00000|100%| O|  |TAMS 0x000000008ab00000| PB 0x000000008ab00000| Untracked 
|  84|0x000000008ac00000, 0x000000008ad00000, 0x000000008ad00000|100%| O|  |TAMS 0x000000008ac00000| PB 0x000000008ac00000| Untracked 
|  85|0x000000008ad00000, 0x000000008ae00000, 0x000000008ae00000|100%| O|  |TAMS 0x000000008ad00000| PB 0x000000008ad00000| Untracked 
|  86|0x000000008ae00000, 0x000000008af00000, 0x000000008af00000|100%| O|  |TAMS 0x000000008ae00000| PB 0x000000008ae00000| Untracked 
|  87|0x000000008af00000, 0x000000008b000000, 0x000000008b000000|100%| O|  |TAMS 0x000000008af00000| PB 0x000000008af00000| Untracked 
|  88|0x000000008b000000, 0x000000008b100000, 0x000000008b100000|100%| O|  |TAMS 0x000000008b000000| PB 0x000000008b000000| Untracked 
|  89|0x000000008b100000, 0x000000008b200000, 0x000000008b200000|100%| O|  |TAMS 0x000000008b100000| PB 0x000000008b100000| Untracked 
|  90|0x000000008b200000, 0x000000008b300000, 0x000000008b300000|100%| O|  |TAMS 0x000000008b200000| PB 0x000000008b200000| Untracked 
|  91|0x000000008b300000, 0x000000008b400000, 0x000000008b400000|100%| O|  |TAMS 0x000000008b300000| PB 0x000000008b300000| Untracked 
|  92|0x000000008b400000, 0x000000008b500000, 0x000000008b500000|100%| O|  |TAMS 0x000000008b400000| PB 0x000000008b400000| Untracked 
|  93|0x000000008b500000, 0x000000008b600000, 0x000000008b600000|100%| O|  |TAMS 0x000000008b500000| PB 0x000000008b500000| Untracked 
|  94|0x000000008b600000, 0x000000008b700000, 0x000000008b700000|100%| O|  |TAMS 0x000000008b600000| PB 0x000000008b600000| Untracked 
|  95|0x000000008b700000, 0x000000008b800000, 0x000000008b800000|100%| O|  |TAMS 0x000000008b700000| PB 0x000000008b700000| Untracked 
|  96|0x000000008b800000, 0x000000008b8e54e8, 0x000000008b900000| 89%| O|  |TAMS 0x000000008b800000| PB 0x000000008b800000| Untracked 
|  97|0x000000008b900000, 0x000000008b900000, 0x000000008ba00000|  0%| F|  |TAMS 0x000000008b900000| PB 0x000000008b900000| Untracked 
|  98|0x000000008ba00000, 0x000000008ba00000, 0x000000008bb00000|  0%| F|  |TAMS 0x000000008ba00000| PB 0x000000008ba00000| Untracked 
|  99|0x000000008bb00000, 0x000000008bb00000, 0x000000008bc00000|  0%| F|  |TAMS 0x000000008bb00000| PB 0x000000008bb00000| Untracked 
| 100|0x000000008bc00000, 0x000000008bc00000, 0x000000008bd00000|  0%| F|  |TAMS 0x000000008bc00000| PB 0x000000008bc00000| Untracked 
| 101|0x000000008bd00000, 0x000000008bd00000, 0x000000008be00000|  0%| F|  |TAMS 0x000000008bd00000| PB 0x000000008bd00000| Untracked 
| 102|0x000000008be00000, 0x000000008be00000, 0x000000008bf00000|  0%| F|  |TAMS 0x000000008be00000| PB 0x000000008be00000| Untracked 
| 103|0x000000008bf00000, 0x000000008bf00000, 0x000000008c000000|  0%| F|  |TAMS 0x000000008bf00000| PB 0x000000008bf00000| Untracked 
| 104|0x000000008c000000, 0x000000008c000000, 0x000000008c100000|  0%| F|  |TAMS 0x000000008c000000| PB 0x000000008c000000| Untracked 
| 105|0x000000008c100000, 0x000000008c100000, 0x000000008c200000|  0%| F|  |TAMS 0x000000008c100000| PB 0x000000008c100000| Untracked 
| 106|0x000000008c200000, 0x000000008c200000, 0x000000008c300000|  0%| F|  |TAMS 0x000000008c200000| PB 0x000000008c200000| Untracked 
| 107|0x000000008c300000, 0x000000008c300000, 0x000000008c400000|  0%| F|  |TAMS 0x000000008c300000| PB 0x000000008c300000| Untracked 
| 108|0x000000008c400000, 0x000000008c500000, 0x000000008c500000|100%| S|CS|TAMS 0x000000008c400000| PB 0x000000008c400000| Complete 
| 109|0x000000008c500000, 0x000000008c600000, 0x000000008c600000|100%| S|CS|TAMS 0x000000008c500000| PB 0x000000008c500000| Complete 
| 110|0x000000008c600000, 0x000000008c700000, 0x000000008c700000|100%| S|CS|TAMS 0x000000008c600000| PB 0x000000008c600000| Complete 
| 111|0x000000008c700000, 0x000000008c800000, 0x000000008c800000|100%| S|CS|TAMS 0x000000008c700000| PB 0x000000008c700000| Complete 
| 112|0x000000008c800000, 0x000000008c900000, 0x000000008c900000|100%| S|CS|TAMS 0x000000008c800000| PB 0x000000008c800000| Complete 
| 113|0x000000008c900000, 0x000000008c900000, 0x000000008ca00000|  0%| F|  |TAMS 0x000000008c900000| PB 0x000000008c900000| Untracked 
| 114|0x000000008ca00000, 0x000000008ca00000, 0x000000008cb00000|  0%| F|  |TAMS 0x000000008ca00000| PB 0x000000008ca00000| Untracked 
| 115|0x000000008cb00000, 0x000000008cb00000, 0x000000008cc00000|  0%| F|  |TAMS 0x000000008cb00000| PB 0x000000008cb00000| Untracked 
| 116|0x000000008cc00000, 0x000000008cc00000, 0x000000008cd00000|  0%| F|  |TAMS 0x000000008cc00000| PB 0x000000008cc00000| Untracked 
| 117|0x000000008cd00000, 0x000000008cd00000, 0x000000008ce00000|  0%| F|  |TAMS 0x000000008cd00000| PB 0x000000008cd00000| Untracked 
| 118|0x000000008ce00000, 0x000000008ce00000, 0x000000008cf00000|  0%| F|  |TAMS 0x000000008ce00000| PB 0x000000008ce00000| Untracked 
| 119|0x000000008cf00000, 0x000000008cf00000, 0x000000008d000000|  0%| F|  |TAMS 0x000000008cf00000| PB 0x000000008cf00000| Untracked 
| 120|0x000000008d000000, 0x000000008d000000, 0x000000008d100000|  0%| F|  |TAMS 0x000000008d000000| PB 0x000000008d000000| Untracked 
| 121|0x000000008d100000, 0x000000008d100000, 0x000000008d200000|  0%| F|  |TAMS 0x000000008d100000| PB 0x000000008d100000| Untracked 
| 122|0x000000008d200000, 0x000000008d200000, 0x000000008d300000|  0%| F|  |TAMS 0x000000008d200000| PB 0x000000008d200000| Untracked 
| 123|0x000000008d300000, 0x000000008d300000, 0x000000008d400000|  0%| F|  |TAMS 0x000000008d300000| PB 0x000000008d300000| Untracked 
| 124|0x000000008d400000, 0x000000008d400000, 0x000000008d500000|  0%| F|  |TAMS 0x000000008d400000| PB 0x000000008d400000| Untracked 
| 125|0x000000008d500000, 0x000000008d500000, 0x000000008d600000|  0%| F|  |TAMS 0x000000008d500000| PB 0x000000008d500000| Untracked 
| 126|0x000000008d600000, 0x000000008d600000, 0x000000008d700000|  0%| F|  |TAMS 0x000000008d600000| PB 0x000000008d600000| Untracked 
| 127|0x000000008d700000, 0x000000008d700000, 0x000000008d800000|  0%| F|  |TAMS 0x000000008d700000| PB 0x000000008d700000| Untracked 
| 128|0x000000008d800000, 0x000000008d800000, 0x000000008d900000|  0%| F|  |TAMS 0x000000008d800000| PB 0x000000008d800000| Untracked 
| 129|0x000000008d900000, 0x000000008d900000, 0x000000008da00000|  0%| F|  |TAMS 0x000000008d900000| PB 0x000000008d900000| Untracked 
| 130|0x000000008da00000, 0x000000008da00000, 0x000000008db00000|  0%| F|  |TAMS 0x000000008da00000| PB 0x000000008da00000| Untracked 
| 131|0x000000008db00000, 0x000000008db00000, 0x000000008dc00000|  0%| F|  |TAMS 0x000000008db00000| PB 0x000000008db00000| Untracked 
| 132|0x000000008dc00000, 0x000000008dc00000, 0x000000008dd00000|  0%| F|  |TAMS 0x000000008dc00000| PB 0x000000008dc00000| Untracked 
| 133|0x000000008dd00000, 0x000000008dd00000, 0x000000008de00000|  0%| F|  |TAMS 0x000000008dd00000| PB 0x000000008dd00000| Untracked 
| 134|0x000000008de00000, 0x000000008de00000, 0x000000008df00000|  0%| F|  |TAMS 0x000000008de00000| PB 0x000000008de00000| Untracked 
| 135|0x000000008df00000, 0x000000008df00000, 0x000000008e000000|  0%| F|  |TAMS 0x000000008df00000| PB 0x000000008df00000| Untracked 
| 136|0x000000008e000000, 0x000000008e000000, 0x000000008e100000|  0%| F|  |TAMS 0x000000008e000000| PB 0x000000008e000000| Untracked 
| 137|0x000000008e100000, 0x000000008e100000, 0x000000008e200000|  0%| F|  |TAMS 0x000000008e100000| PB 0x000000008e100000| Untracked 
| 138|0x000000008e200000, 0x000000008e200000, 0x000000008e300000|  0%| F|  |TAMS 0x000000008e200000| PB 0x000000008e200000| Untracked 
| 139|0x000000008e300000, 0x000000008e300000, 0x000000008e400000|  0%| F|  |TAMS 0x000000008e300000| PB 0x000000008e300000| Untracked 
| 140|0x000000008e400000, 0x000000008e400000, 0x000000008e500000|  0%| F|  |TAMS 0x000000008e400000| PB 0x000000008e400000| Untracked 
| 141|0x000000008e500000, 0x000000008e500000, 0x000000008e600000|  0%| F|  |TAMS 0x000000008e500000| PB 0x000000008e500000| Untracked 
| 142|0x000000008e600000, 0x000000008e600000, 0x000000008e700000|  0%| F|  |TAMS 0x000000008e600000| PB 0x000000008e600000| Untracked 
| 143|0x000000008e700000, 0x000000008e800000, 0x000000008e800000|100%| E|  |TAMS 0x000000008e700000| PB 0x000000008e700000| Complete 
| 144|0x000000008e800000, 0x000000008e900000, 0x000000008e900000|100%| E|CS|TAMS 0x000000008e800000| PB 0x000000008e800000| Complete 
| 145|0x000000008e900000, 0x000000008ea00000, 0x000000008ea00000|100%| E|CS|TAMS 0x000000008e900000| PB 0x000000008e900000| Complete 
| 146|0x000000008ea00000, 0x000000008eb00000, 0x000000008eb00000|100%| E|CS|TAMS 0x000000008ea00000| PB 0x000000008ea00000| Complete 
| 147|0x000000008eb00000, 0x000000008ec00000, 0x000000008ec00000|100%| E|CS|TAMS 0x000000008eb00000| PB 0x000000008eb00000| Complete 
|1956|0x00000000ffc00000, 0x00000000ffd00000, 0x00000000ffd00000|100%| E|CS|TAMS 0x00000000ffc00000| PB 0x00000000ffc00000| Complete 
|1957|0x00000000ffd00000, 0x00000000ffe00000, 0x00000000ffe00000|100%| O|  |TAMS 0x00000000ffd00000| PB 0x00000000ffd00000| Untracked 
|1958|0x00000000ffe00000, 0x00000000fff00000, 0x00000000fff00000|100%| O|  |TAMS 0x00000000ffe00000| PB 0x00000000ffe00000| Untracked 
|1959|0x00000000fff00000, 0x0000000100000000, 0x0000000100000000|100%| O|  |TAMS 0x00000000fff00000| PB 0x00000000fff00000| Untracked 

Card table byte_map: [0x000001972b850000,0x000001972bc30000] _byte_map_base: 0x000001972b424000

Marking Bits: (CMBitMap*) 0x00000197193599f0
 Bits: [0x000001972bc30000, 0x000001972dad0000)

Polling page: 0x00000197170c0000

Metaspace:

Usage:
  Non-class:     53.19 MB used.
      Class:      6.95 MB used.
       Both:     60.14 MB used.

Virtual space:
  Non-class space:       64.00 MB reserved,      53.38 MB ( 83%) committed,  1 nodes.
      Class space:        1.00 GB reserved,       7.06 MB ( <1%) committed,  1 nodes.
             Both:        1.06 GB reserved,      60.44 MB (  6%) committed. 

Chunk freelists:
   Non-Class:  10.16 MB
       Class:  8.95 MB
        Both:  19.11 MB

MaxMetaspaceSize: unlimited
CompressedClassSpaceSize: 1.00 GB
Initial GC threshold: 21.00 MB
Current GC threshold: 98.06 MB
CDS: off
 - commit_granule_bytes: 65536.
 - commit_granule_words: 8192.
 - virtual_space_node_default_size: 8388608.
 - enlarge_chunks_in_place: 1.
 - use_allocation_guard: 0.


Internal statistics:

num_allocs_failed_limit: 3.
num_arena_births: 290.
num_arena_deaths: 0.
num_vsnodes_births: 2.
num_vsnodes_deaths: 0.
num_space_committed: 966.
num_space_uncommitted: 0.
num_chunks_returned_to_freelist: 3.
num_chunks_taken_from_freelist: 2130.
num_chunk_merges: 3.
num_chunk_splits: 1771.
num_chunks_enlarged: 1617.
num_inconsistent_stats: 0.

CodeHeap 'non-profiled nmethods': size=120000Kb used=3799Kb max_used=3799Kb free=116200Kb
 bounds [0x0000019723f40000, 0x0000019724300000, 0x000001972b470000]
CodeHeap 'profiled nmethods': size=120000Kb used=20125Kb max_used=20125Kb free=99874Kb
 bounds [0x000001971c470000, 0x000001971d820000, 0x00000197239a0000]
CodeHeap 'non-nmethods': size=5760Kb used=1691Kb max_used=1743Kb free=4068Kb
 bounds [0x00000197239a0000, 0x0000019723c10000, 0x0000019723f40000]
CodeCache: size=245760Kb, used=25615Kb, max_used=25667Kb, free=220142Kb
 total_blobs=7314, nmethods=6629, adapters=587, full_count=0
Compilation: enabled, stopped_count=0, restarted_count=0

Compilation events (20 events):
Event: 57.676 Thread 0x000001973019d170 7539       4       org.jetbrains.kotlin.fir.resolve.providers.FirCachedSymbolNamesProvider::getTopLevelClassifierNamesInPackageSkippingPackageCheck (23 bytes)
Event: 57.686 Thread 0x000001973019d170 nmethod 7539 0x00000197242f4010 code [0x00000197242f4260, 0x00000197242f4a60]
Event: 57.698 Thread 0x00000197301a3160 7540       3       org.jetbrains.kotlin.fir.declarations.FirDeclarationAttributes::copy (15 bytes)
Event: 57.698 Thread 0x00000197301a3160 nmethod 7540 0x000001971d815310 code [0x000001971d815560, 0x000001971d815e18]
Event: 57.698 Thread 0x00000197301a3160 7541       3       org.jetbrains.kotlin.fir.declarations.FirDeclarationAttributes::<init> (6 bytes)
Event: 57.699 Thread 0x00000197301a3160 nmethod 7541 0x000001971d816190 code [0x000001971d8163c0, 0x000001971d816ad0]
Event: 57.703 Thread 0x00000197301a3160 7542       3       org.jetbrains.kotlin.fir.declarations.impl.FirPropertyImpl::getSymbol (8 bytes)
Event: 57.704 Thread 0x00000197301a3160 nmethod 7542 0x000001971d816d90 code [0x000001971d816f20, 0x000001971d817040]
Event: 57.728 Thread 0x00000197301a3160 7543       1       org.jetbrains.kotlin.fir.declarations.builder.FirPropertyAccessorBuilder::getValueParameters (5 bytes)
Event: 57.728 Thread 0x00000197301a3160 nmethod 7543 0x00000197242f5190 code [0x00000197242f5320, 0x00000197242f53e8]
Event: 57.728 Thread 0x00000197301a3160 7544       3       org.jetbrains.kotlin.types.AbstractTypeChecker::isSubtypeOf (38 bytes)
Event: 57.729 Thread 0x00000197301a3160 nmethod 7544 0x000001971d817110 code [0x000001971d817440, 0x000001971d8183a8]
Event: 57.740 Thread 0x000001973019d170 7545       4       org.jetbrains.kotlin.fir.types.FirTypeUtilsKt::getResolvedType (148 bytes)
Event: 57.741 Thread 0x000001973019d170 nmethod 7545 0x00000197242f5490 code [0x00000197242f5620, 0x00000197242f56e8]
Event: 57.796 Thread 0x00000197301a3160 7546       1       org.jetbrains.kotlin.fir.declarations.builder.FirPropertyAccessorBuilder::getSource (5 bytes)
Event: 57.797 Thread 0x00000197301a3160 nmethod 7546 0x00000197242f5810 code [0x00000197242f59a0, 0x00000197242f5a68]
Event: 57.801 Thread 0x00000197301a3160 7547       3       org.jetbrains.kotlin.fir.deserialization.ClassDeserializationKt::deserializeClassToSymbol (2868 bytes)
Event: 57.806 Thread 0x000001973019d170 7550       4       org.jetbrains.kotlin.fir.CopyUtilsKt::computeTypeAttributes$default (30 bytes)
Event: 57.808 Thread 0x000001973019d170 nmethod 7550 0x00000197242f5b10 code [0x00000197242f5ca0, 0x00000197242f5d48]
Event: 57.810 Thread 0x000001973019d170 7551       4       org.jetbrains.kotlin.fir.resolve.providers.FirSymbolNamesProvider::mayHaveTopLevelClassifier (77 bytes)

GC Heap History (20 events):
Event: 39.427 GC heap before
{Heap before GC invocations=27 (full 0):
 garbage-first heap   total 86016K, used 73216K [0x0000000085800000, 0x0000000100000000)
  region size 1024K, 18 young (18432K), 2 survivors (2048K)
 Metaspace       used 55150K, committed 55424K, reserved 1114112K
  class space    used 6473K, committed 6592K, reserved 1048576K
}
Event: 39.441 GC heap after
{Heap after GC invocations=28 (full 0):
 garbage-first heap   total 86016K, used 60416K [0x0000000085800000, 0x0000000100000000)
  region size 1024K, 3 young (3072K), 3 survivors (3072K)
 Metaspace       used 55150K, committed 55424K, reserved 1114112K
  class space    used 6473K, committed 6592K, reserved 1048576K
}
Event: 41.139 GC heap before
{Heap before GC invocations=28 (full 0):
 garbage-first heap   total 86016K, used 74752K [0x0000000085800000, 0x0000000100000000)
  region size 1024K, 17 young (17408K), 3 survivors (3072K)
 Metaspace       used 57813K, committed 58112K, reserved 1114112K
  class space    used 6823K, committed 6976K, reserved 1048576K
}
Event: 41.165 GC heap after
{Heap after GC invocations=29 (full 0):
 garbage-first heap   total 86016K, used 63572K [0x0000000085800000, 0x0000000100000000)
  region size 1024K, 3 young (3072K), 3 survivors (3072K)
 Metaspace       used 57813K, committed 58112K, reserved 1114112K
  class space    used 6823K, committed 6976K, reserved 1048576K
}
Event: 43.518 GC heap before
{Heap before GC invocations=30 (full 0):
 garbage-first heap   total 107520K, used 75860K [0x0000000085800000, 0x0000000100000000)
  region size 1024K, 15 young (15360K), 3 survivors (3072K)
 Metaspace       used 59395K, committed 59712K, reserved 1114112K
  class space    used 7019K, committed 7168K, reserved 1048576K
}
Event: 43.535 GC heap after
{Heap after GC invocations=31 (full 0):
 garbage-first heap   total 107520K, used 66108K [0x0000000085800000, 0x0000000100000000)
  region size 1024K, 2 young (2048K), 2 survivors (2048K)
 Metaspace       used 59395K, committed 59712K, reserved 1114112K
  class space    used 7019K, committed 7168K, reserved 1048576K
}
Event: 45.375 GC heap before
{Heap before GC invocations=31 (full 0):
 garbage-first heap   total 107520K, used 91708K [0x0000000085800000, 0x0000000100000000)
  region size 1024K, 27 young (27648K), 2 survivors (2048K)
 Metaspace       used 59943K, committed 60224K, reserved 1114112K
  class space    used 7053K, committed 7168K, reserved 1048576K
}
Event: 45.392 GC heap after
{Heap after GC invocations=32 (full 0):
 garbage-first heap   total 107520K, used 70656K [0x0000000085800000, 0x0000000100000000)
  region size 1024K, 4 young (4096K), 4 survivors (4096K)
 Metaspace       used 59943K, committed 60224K, reserved 1114112K
  class space    used 7053K, committed 7168K, reserved 1048576K
}
Event: 45.539 GC heap before
{Heap before GC invocations=32 (full 0):
 garbage-first heap   total 107520K, used 92160K [0x0000000085800000, 0x0000000100000000)
  region size 1024K, 25 young (25600K), 4 survivors (4096K)
 Metaspace       used 59943K, committed 60224K, reserved 1114112K
  class space    used 7053K, committed 7168K, reserved 1048576K
}
Event: 45.553 GC heap after
{Heap after GC invocations=33 (full 0):
 garbage-first heap   total 107520K, used 76288K [0x0000000085800000, 0x0000000100000000)
  region size 1024K, 4 young (4096K), 4 survivors (4096K)
 Metaspace       used 59943K, committed 60224K, reserved 1114112K
  class space    used 7053K, committed 7168K, reserved 1048576K
}
Event: 46.066 GC heap before
{Heap before GC invocations=34 (full 0):
 garbage-first heap   total 126976K, used 93696K [0x0000000085800000, 0x0000000100000000)
  region size 1024K, 22 young (22528K), 4 survivors (4096K)
 Metaspace       used 59943K, committed 60224K, reserved 1114112K
  class space    used 7053K, committed 7168K, reserved 1048576K
}
Event: 46.078 GC heap after
{Heap after GC invocations=35 (full 0):
 garbage-first heap   total 126976K, used 80384K [0x0000000085800000, 0x0000000100000000)
  region size 1024K, 3 young (3072K), 3 survivors (3072K)
 Metaspace       used 59943K, committed 60224K, reserved 1114112K
  class space    used 7053K, committed 7168K, reserved 1048576K
}
Event: 46.902 GC heap before
{Heap before GC invocations=35 (full 0):
 garbage-first heap   total 126976K, used 108032K [0x0000000085800000, 0x0000000100000000)
  region size 1024K, 30 young (30720K), 3 survivors (3072K)
 Metaspace       used 59943K, committed 60224K, reserved 1114112K
  class space    used 7053K, committed 7168K, reserved 1048576K
}
Event: 46.917 GC heap after
{Heap after GC invocations=36 (full 0):
 garbage-first heap   total 126976K, used 87040K [0x0000000085800000, 0x0000000100000000)
  region size 1024K, 4 young (4096K), 4 survivors (4096K)
 Metaspace       used 59943K, committed 60224K, reserved 1114112K
  class space    used 7053K, committed 7168K, reserved 1048576K
}
Event: 47.476 GC heap before
{Heap before GC invocations=36 (full 0):
 garbage-first heap   total 126976K, used 111616K [0x0000000085800000, 0x0000000100000000)
  region size 1024K, 28 young (28672K), 4 survivors (4096K)
 Metaspace       used 59943K, committed 60224K, reserved 1114112K
  class space    used 7053K, committed 7168K, reserved 1048576K
}
Event: 47.489 GC heap after
{Heap after GC invocations=37 (full 0):
 garbage-first heap   total 126976K, used 93184K [0x0000000085800000, 0x0000000100000000)
  region size 1024K, 4 young (4096K), 4 survivors (4096K)
 Metaspace       used 59943K, committed 60224K, reserved 1114112K
  class space    used 7053K, committed 7168K, reserved 1048576K
}
Event: 49.438 GC heap before
{Heap before GC invocations=38 (full 0):
 garbage-first heap   total 155648K, used 112640K [0x0000000085800000, 0x0000000100000000)
  region size 1024K, 24 young (24576K), 4 survivors (4096K)
 Metaspace       used 60195K, committed 60480K, reserved 1114112K
  class space    used 7057K, committed 7168K, reserved 1048576K
}
Event: 49.448 GC heap after
{Heap after GC invocations=39 (full 0):
 garbage-first heap   total 155648K, used 98816K [0x0000000085800000, 0x0000000100000000)
  region size 1024K, 3 young (3072K), 3 survivors (3072K)
 Metaspace       used 60195K, committed 60480K, reserved 1114112K
  class space    used 7057K, committed 7168K, reserved 1048576K
}
Event: 55.143 GC heap before
{Heap before GC invocations=39 (full 0):
 garbage-first heap   total 155648K, used 132608K [0x0000000085800000, 0x0000000100000000)
  region size 1024K, 36 young (36864K), 3 survivors (3072K)
 Metaspace       used 61327K, committed 61632K, reserved 1114112K
  class space    used 7102K, committed 7232K, reserved 1048576K
}
Event: 55.169 GC heap after
{Heap after GC invocations=40 (full 0):
 garbage-first heap   total 155648K, used 105365K [0x0000000085800000, 0x0000000100000000)
  region size 1024K, 5 young (5120K), 5 survivors (5120K)
 Metaspace       used 61327K, committed 61632K, reserved 1114112K
  class space    used 7102K, committed 7232K, reserved 1048576K
}

Dll operation events (3 events):
Event: 0.452 Loaded shared library C:\Program Files\Android\Android Studio\jbr\bin\java.dll
Event: 0.585 Loaded shared library C:\Program Files\Android\Android Studio\jbr\bin\zip.dll
Event: 17.362 Loaded shared library C:\Program Files\Android\Android Studio\jbr\bin\verify.dll

Deoptimization events (20 events):
Event: 53.665 Thread 0x0000019719303ee0 Uncommon trap: trap_request=0xfffffff4 fr.pc=0x000001972420cc98 relative=0x00000000000008d8
Event: 53.665 Thread 0x0000019719303ee0 Uncommon trap: reason=null_check action=make_not_entrant pc=0x000001972420cc98 method=org.jetbrains.kotlin.fir.resolve.LookupTagUtilsKt.toSymbol(Lorg/jetbrains/kotlin/fir/symbols/ConeClassLikeLookupTag;Lorg/jetbrains/kotlin/fir/FirSession;)Lorg/jetbrains/
Event: 53.665 Thread 0x0000019719303ee0 DEOPT PACKING pc=0x000001972420cc98 sp=0x00000027ba1f95f0
Event: 53.665 Thread 0x0000019719303ee0 DEOPT UNPACKING pc=0x00000197239f7aa2 sp=0x00000027ba1f95b0 mode 2
Event: 54.122 Thread 0x0000019719303ee0 Uncommon trap: trap_request=0xffffffde fr.pc=0x00000197242c3da4 relative=0x0000000000000884
Event: 54.122 Thread 0x0000019719303ee0 Uncommon trap: reason=class_check action=maybe_recompile pc=0x00000197242c3da4 method=org.jetbrains.kotlin.fir.resolve.LookupTagUtilsKt.toSymbol(Lorg/jetbrains/kotlin/fir/symbols/ConeClassLikeLookupTag;Lorg/jetbrains/kotlin/fir/FirSession;)Lorg/jetbrains/
Event: 54.122 Thread 0x0000019719303ee0 DEOPT PACKING pc=0x00000197242c3da4 sp=0x00000027ba1fb780
Event: 54.122 Thread 0x0000019719303ee0 DEOPT UNPACKING pc=0x00000197239f7aa2 sp=0x00000027ba1fb720 mode 2
Event: 54.668 Thread 0x0000019719303ee0 Uncommon trap: trap_request=0xffffff45 fr.pc=0x0000019724198cb8 relative=0x00000000000000d8
Event: 54.668 Thread 0x0000019719303ee0 Uncommon trap: reason=unstable_if action=reinterpret pc=0x0000019724198cb8 method=kotlin.collections.CollectionsKt___CollectionsKt.toList(Ljava/lang/Iterable;)Ljava/util/List; @ 10 c2
Event: 54.668 Thread 0x0000019719303ee0 DEOPT PACKING pc=0x0000019724198cb8 sp=0x00000027ba1fb830
Event: 54.668 Thread 0x0000019719303ee0 DEOPT UNPACKING pc=0x00000197239f7aa2 sp=0x00000027ba1fb800 mode 2
Event: 55.140 Thread 0x0000019719303ee0 Uncommon trap: trap_request=0xffffffc6 fr.pc=0x00000197241af128 relative=0x0000000000000ae8
Event: 55.140 Thread 0x0000019719303ee0 Uncommon trap: reason=bimorphic_or_optimized_type_check action=maybe_recompile pc=0x00000197241af128 method=kotlin.jvm.internal.CollectionToArray.toArray(Ljava/util/Collection;)[Ljava/lang/Object; @ 28 c2
Event: 55.140 Thread 0x0000019719303ee0 DEOPT PACKING pc=0x00000197241af128 sp=0x00000027ba1f6b30
Event: 55.140 Thread 0x0000019719303ee0 DEOPT UNPACKING pc=0x00000197239f7aa2 sp=0x00000027ba1f6ac8 mode 2
Event: 55.624 Thread 0x0000019719303ee0 Uncommon trap: trap_request=0xffffffde fr.pc=0x0000019724252b8c relative=0x0000000000000b0c
Event: 55.624 Thread 0x0000019719303ee0 Uncommon trap: reason=class_check action=maybe_recompile pc=0x0000019724252b8c method=org.jetbrains.kotlin.fir.types.ConeTypeUtilsKt.getConstructor(Lorg/jetbrains/kotlin/fir/types/ConeSimpleKotlinType;)Lorg/jetbrains/kotlin/types/model/TypeConstructorMark
Event: 55.624 Thread 0x0000019719303ee0 DEOPT PACKING pc=0x0000019724252b8c sp=0x00000027ba1f8510
Event: 55.625 Thread 0x0000019719303ee0 DEOPT UNPACKING pc=0x00000197239f7aa2 sp=0x00000027ba1f8428 mode 2

Classes loaded (20 events):
Event: 41.265 Loading class java/util/stream/ReferencePipeline$2$1
Event: 41.265 Loading class java/util/stream/Sink$ChainedReference
Event: 41.265 Loading class java/util/stream/Sink$ChainedReference done
Event: 41.265 Loading class java/util/stream/ReferencePipeline$2$1 done
Event: 41.265 Loading class java/util/stream/ReferencePipeline$3$1
Event: 41.265 Loading class java/util/stream/ReferencePipeline$3$1 done
Event: 41.606 Loading class java/util/regex/Pattern$StartS
Event: 41.606 Loading class java/util/regex/Pattern$StartS done
Event: 41.626 Loading class java/util/Collections$SynchronizedSet
Event: 41.626 Loading class java/util/Collections$SynchronizedCollection
Event: 41.627 Loading class java/util/Collections$SynchronizedCollection done
Event: 41.627 Loading class java/util/Collections$SynchronizedSet done
Event: 41.657 Loading class java/lang/Character$UnicodeBlock
Event: 41.660 Loading class java/lang/Character$Subset
Event: 41.661 Loading class java/lang/Character$Subset done
Event: 41.662 Loading class java/lang/Character$UnicodeBlock done
Event: 50.011 Loading class java/lang/Byte$ByteCache
Event: 50.017 Loading class java/lang/Byte$ByteCache done
Event: 51.090 Loading class java/util/RegularEnumSet$EnumSetIterator
Event: 51.092 Loading class java/util/RegularEnumSet$EnumSetIterator done

Classes unloaded (0 events):
No events

Classes redefined (0 events):
No events

Internal exceptions (20 events):
Event: 34.514 Thread 0x0000019719303ee0 Exception <a 'java/lang/NoSuchMethodError'{0x000000008a2fdff8}: 'java.lang.Object java.lang.invoke.DirectMethodHandle$Holder.invokeSpecial(java.lang.Object, java.lang.Object, java.lang.Object, java.lang.Object, java.lang.Object, int)'> (0x000000008a2fdff8) 
thrown [s\src\hotspot\share\interpreter\linkResolver.cpp, line 784]
Event: 34.515 Thread 0x0000019719303ee0 Exception <a 'java/lang/NoSuchMethodError'{0x000000008a1029c0}: 'java.lang.Object java.lang.invoke.Invokers$Holder.linkToTargetMethod(java.lang.Object, java.lang.Object, java.lang.Object, int, java.lang.Object)'> (0x000000008a1029c0) 
thrown [s\src\hotspot\share\interpreter\linkResolver.cpp, line 784]
Event: 34.557 Thread 0x0000019719303ee0 Exception <a 'java/lang/NoSuchMethodError'{0x000000008a12cc90}: 'java.lang.Object java.lang.invoke.DirectMethodHandle$Holder.newInvokeSpecial(java.lang.Object, java.lang.Object, java.lang.Object, java.lang.Object, int, java.lang.Object, java.lang.Object)'> (0x000000008a12cc90) 
thrown [s\src\hotspot\share\interpreter\linkResolver.cpp, line 784]
Event: 34.558 Thread 0x0000019719303ee0 Exception <a 'java/lang/NoSuchMethodError'{0x000000008a134de0}: 'java.lang.Object java.lang.invoke.Invokers$Holder.linkToTargetMethod(java.lang.Object, java.lang.Object, java.lang.Object, int, java.lang.Object, java.lang.Object, java.lang.Object)'> (0x000000008a134de0) 
thrown [s\src\hotspot\share\interpreter\linkResolver.cpp, line 784]
Event: 35.447 Thread 0x0000019719303ee0 Exception <a 'java/lang/NoSuchMethodError'{0x0000000089ca35d0}: 'java.lang.Object java.lang.invoke.DirectMethodHandle$Holder.invokeSpecial(java.lang.Object, java.lang.Object, int, java.lang.Object, java.lang.Object)'> (0x0000000089ca35d0) 
thrown [s\src\hotspot\share\interpreter\linkResolver.cpp, line 784]
Event: 36.065 Thread 0x0000019719303ee0 Exception <a 'java/lang/NoSuchMethodError'{0x0000000089ba5b98}: 'java.lang.Object java.lang.invoke.DirectMethodHandle$Holder.invokeStatic(java.lang.Object, int, java.lang.Object, java.lang.Object)'> (0x0000000089ba5b98) 
thrown [s\src\hotspot\share\interpreter\linkResolver.cpp, line 784]
Event: 36.066 Thread 0x0000019719303ee0 Exception <a 'java/lang/NoSuchMethodError'{0x0000000089bace60}: 'java.lang.Object java.lang.invoke.DirectMethodHandle$Holder.newInvokeSpecial(java.lang.Object, int, java.lang.Object)'> (0x0000000089bace60) 
thrown [s\src\hotspot\share\interpreter\linkResolver.cpp, line 784]
Event: 38.319 Thread 0x0000019719303ee0 Exception <a 'java/lang/NoSuchMethodError'{0x000000008c75ea38}: 'java.lang.Object java.lang.invoke.DirectMethodHandle$Holder.invokeStatic(java.lang.Object, java.lang.Object, java.lang.Object, int, java.lang.Object, java.lang.Object)'> (0x000000008c75ea38) 
thrown [s\src\hotspot\share\interpreter\linkResolver.cpp, line 784]
Event: 38.320 Thread 0x0000019719303ee0 Exception <a 'java/lang/NoSuchMethodError'{0x000000008c766f38}: 'java.lang.Object java.lang.invoke.DirectMethodHandle$Holder.newInvokeSpecial(java.lang.Object, java.lang.Object, java.lang.Object, int)'> (0x000000008c766f38) 
thrown [s\src\hotspot\share\interpreter\linkResolver.cpp, line 784]
Event: 38.321 Thread 0x0000019719303ee0 Exception <a 'java/lang/NoSuchMethodError'{0x000000008c76b568}: 'java.lang.Object java.lang.invoke.DirectMethodHandle$Holder.invokeSpecial(java.lang.Object, java.lang.Object, java.lang.Object, java.lang.Object, int)'> (0x000000008c76b568) 
thrown [s\src\hotspot\share\interpreter\linkResolver.cpp, line 784]
Event: 38.322 Thread 0x0000019719303ee0 Exception <a 'java/lang/NoSuchMethodError'{0x000000008c76f4c0}: 'java.lang.Object java.lang.invoke.Invokers$Holder.linkToTargetMethod(java.lang.Object, java.lang.Object, int, java.lang.Object)'> (0x000000008c76f4c0) 
thrown [s\src\hotspot\share\interpreter\linkResolver.cpp, line 784]
Event: 39.665 Thread 0x0000019719303ee0 Exception <a 'java/lang/NoSuchMethodError'{0x000000008c7ba0c8}: 'java.lang.Object java.lang.invoke.DirectMethodHandle$Holder.newInvokeSpecial(java.lang.Object, java.lang.Object, java.lang.Object, java.lang.Object, java.lang.Object, java.lang.Object, java.lang.Object, java.lang.Object, java.lang.Object)'> (0x000000008c7ba0c8) 
thrown [s\src\hotspot\share\interpreter\linkResolver.cpp, line 784]
Event: 41.410 Thread 0x0000019719303ee0 Exception <a 'java/lang/NoSuchMethodError'{0x000000008d3080a8}: 'java.lang.Object java.lang.invoke.Invokers$Holder.invokeExact_MT(java.lang.Object, java.lang.Object, long, java.lang.Object)'> (0x000000008d3080a8) 
thrown [s\src\hotspot\share\interpreter\linkResolver.cpp, line 784]
Event: 49.947 Thread 0x0000019719303ee0 Exception <a 'java/lang/NoSuchMethodError'{0x000000008e4bbbb0}: 'java.lang.Object java.lang.invoke.DirectMethodHandle$Holder.invokeStatic(java.lang.Object, int, java.lang.Object, java.lang.Object, java.lang.Object, java.lang.Object, java.lang.Object)'> (0x000000008e4bbbb0) 
thrown [s\src\hotspot\share\interpreter\linkResolver.cpp, line 784]
Event: 49.950 Thread 0x0000019719303ee0 Exception <a 'java/lang/NoSuchMethodError'{0x000000008e4c5870}: 'java.lang.Object java.lang.invoke.DirectMethodHandle$Holder.newInvokeSpecial(java.lang.Object, int, java.lang.Object, java.lang.Object, java.lang.Object)'> (0x000000008e4c5870) 
thrown [s\src\hotspot\share\interpreter\linkResolver.cpp, line 784]
Event: 49.953 Thread 0x0000019719303ee0 Exception <a 'java/lang/NoSuchMethodError'{0x000000008e4cda10}: 'java.lang.Object java.lang.invoke.Invokers$Holder.linkToTargetMethod(int, java.lang.Object, java.lang.Object, java.lang.Object, java.lang.Object)'> (0x000000008e4cda10) 
thrown [s\src\hotspot\share\interpreter\linkResolver.cpp, line 784]
Event: 51.917 Thread 0x0000019719303ee0 Exception <a 'java/lang/NoSuchMethodError'{0x000000008da8faa8}: 'java.lang.Object java.lang.invoke.DirectMethodHandle$Holder.newInvokeSpecial(java.lang.Object, java.lang.Object, java.lang.Object, java.lang.Object, java.lang.Object, int)'> (0x000000008da8faa8) 
thrown [s\src\hotspot\share\interpreter\linkResolver.cpp, line 784]
Event: 51.920 Thread 0x0000019719303ee0 Exception <a 'java/lang/NoSuchMethodError'{0x000000008da947b0}: 'java.lang.Object java.lang.invoke.DirectMethodHandle$Holder.invokeSpecial(java.lang.Object, java.lang.Object, java.lang.Object, java.lang.Object, java.lang.Object, java.lang.Object, int)'> (0x000000008da947b0) 
thrown [s\src\hotspot\share\interpreter\linkResolver.cpp, line 784]
Event: 51.924 Thread 0x0000019719303ee0 Exception <a 'java/lang/NoSuchMethodError'{0x000000008da98df8}: 'java.lang.Object java.lang.invoke.Invokers$Holder.linkToTargetMethod(java.lang.Object, java.lang.Object, java.lang.Object, java.lang.Object, int, java.lang.Object)'> (0x000000008da98df8) 
thrown [s\src\hotspot\share\interpreter\linkResolver.cpp, line 784]
Event: 53.665 Thread 0x0000019719303ee0 Implicit null exception at 0x000001972420c445 to 0x000001972420cc8c

ZGC Phase Switch (0 events):
No events

VM Operations (20 events):
Event: 52.093 Executing VM operation: HandshakeAllThreads (Deoptimize)
Event: 52.093 Executing VM operation: HandshakeAllThreads (Deoptimize) done
Event: 53.103 Executing VM operation: Cleanup
Event: 53.103 Executing VM operation: Cleanup done
Event: 53.975 Executing VM operation: HandshakeAllThreads (Deoptimize)
Event: 53.975 Executing VM operation: HandshakeAllThreads (Deoptimize) done
Event: 54.116 Executing VM operation: HandshakeAllThreads (Deoptimize)
Event: 54.116 Executing VM operation: HandshakeAllThreads (Deoptimize) done
Event: 54.116 Executing VM operation: Cleanup
Event: 54.116 Executing VM operation: Cleanup done
Event: 55.119 Executing VM operation: Cleanup
Event: 55.134 Executing VM operation: Cleanup done
Event: 55.143 Executing VM operation: G1CollectForAllocation (G1 Evacuation Pause)
Event: 55.170 Executing VM operation: G1CollectForAllocation (G1 Evacuation Pause) done
Event: 55.686 Executing VM operation: HandshakeAllThreads (Deoptimize)
Event: 55.687 Executing VM operation: HandshakeAllThreads (Deoptimize) done
Event: 56.696 Executing VM operation: Cleanup
Event: 56.728 Executing VM operation: Cleanup done
Event: 57.641 Executing VM operation: HandshakeAllThreads (Deoptimize)
Event: 57.641 Executing VM operation: HandshakeAllThreads (Deoptimize) done

Memory protections (0 events):
No events

Nmethod flushes (20 events):
Event: 47.703 Thread 0x000001972ffa1fc0 flushing  nmethod 0x000001971cb45f90
Event: 47.703 Thread 0x000001972ffa1fc0 flushing  nmethod 0x000001971cb46390
Event: 47.703 Thread 0x000001972ffa1fc0 flushing  nmethod 0x000001971cba0f90
Event: 47.703 Thread 0x000001972ffa1fc0 flushing  nmethod 0x000001971cc1ea90
Event: 47.703 Thread 0x000001972ffa1fc0 flushing  nmethod 0x000001971cc7b310
Event: 47.703 Thread 0x000001972ffa1fc0 flushing  nmethod 0x000001971cc9a190
Event: 47.703 Thread 0x000001972ffa1fc0 flushing  nmethod 0x000001971cc9b010
Event: 47.703 Thread 0x000001972ffa1fc0 flushing  nmethod 0x000001971cc9df90
Event: 47.703 Thread 0x000001972ffa1fc0 flushing  nmethod 0x000001971cca0e10
Event: 47.703 Thread 0x000001972ffa1fc0 flushing  nmethod 0x000001971cd06e90
Event: 47.703 Thread 0x000001972ffa1fc0 flushing  nmethod 0x000001971cd29110
Event: 47.703 Thread 0x000001972ffa1fc0 flushing  nmethod 0x000001971cd29610
Event: 47.703 Thread 0x000001972ffa1fc0 flushing  nmethod 0x000001971cd2ab10
Event: 47.703 Thread 0x000001972ffa1fc0 flushing  nmethod 0x000001971cd2b590
Event: 47.703 Thread 0x000001972ffa1fc0 flushing  nmethod 0x000001971cd50c10
Event: 47.703 Thread 0x000001972ffa1fc0 flushing  nmethod 0x000001971ce52e90
Event: 47.703 Thread 0x000001972ffa1fc0 flushing  nmethod 0x000001971cfa8010
Event: 47.704 Thread 0x000001972ffa1fc0 flushing  nmethod 0x000001971d01fb90
Event: 47.704 Thread 0x000001972ffa1fc0 flushing  nmethod 0x000001971d063f10
Event: 47.704 Thread 0x000001972ffa1fc0 flushing  nmethod 0x000001971d0f5390

Events (15 events):
Event: 0.566 Thread 0x0000019719303ee0 Thread added: 0x0000019719303ee0
Event: 4.667 Thread 0x0000019719303ee0 Thread added: 0x000001973014d210
Event: 4.701 Thread 0x0000019719303ee0 Thread added: 0x000001973017dfa0
Event: 4.709 Thread 0x0000019719303ee0 Thread added: 0x0000019730188410
Event: 4.783 Thread 0x0000019719303ee0 Thread added: 0x0000019730195450
Event: 4.783 Thread 0x0000019719303ee0 Thread added: 0x0000019730196ad0
Event: 4.784 Thread 0x0000019719303ee0 Thread added: 0x0000019730197140
Event: 4.784 Thread 0x0000019719303ee0 Thread added: 0x00000197301977b0
Event: 4.785 Thread 0x0000019719303ee0 Thread added: 0x000001973019d170
Event: 4.796 Thread 0x0000019719303ee0 Thread added: 0x00000197301a3160
Event: 5.527 Thread 0x0000019719303ee0 Thread added: 0x000001973033f770
Event: 5.758 Loaded shared library C:\Program Files\Android\Android Studio\jbr\bin\net.dll
Event: 5.865 Loaded shared library C:\Program Files\Android\Android Studio\jbr\bin\nio.dll
Event: 6.961 Loaded shared library C:\Program Files\Android\Android Studio\jbr\bin\zip.dll
Event: 7.236 Loaded shared library C:\Program Files\Android\Android Studio\jbr\bin\jimage.dll


Dynamic libraries:
0x00007ff64cc60000 - 0x00007ff64cc6a000 	C:\Program Files\Android\Android Studio\jbr\bin\java.exe
0x00007ffd834a0000 - 0x00007ffd83707000 	C:\WINDOWS\SYSTEM32\ntdll.dll
0x00007ffd82240000 - 0x00007ffd82309000 	C:\WINDOWS\System32\KERNEL32.DLL
0x00007ffd801e0000 - 0x00007ffd805d1000 	C:\WINDOWS\System32\KERNELBASE.dll
0x00007ffd80690000 - 0x00007ffd807db000 	C:\WINDOWS\System32\ucrtbase.dll
0x00007ffd63890000 - 0x00007ffd638a8000 	C:\Program Files\Android\Android Studio\jbr\bin\jli.dll
0x00007ffd81260000 - 0x00007ffd81425000 	C:\WINDOWS\System32\USER32.dll
0x00007ffd81180000 - 0x00007ffd811a7000 	C:\WINDOWS\System32\win32u.dll
0x00007ffd817c0000 - 0x00007ffd817eb000 	C:\WINDOWS\System32\GDI32.dll
0x00007ffd807e0000 - 0x00007ffd8090b000 	C:\WINDOWS\System32\gdi32full.dll
0x00007ffd7ffb0000 - 0x00007ffd80053000 	C:\WINDOWS\System32\msvcp_win.dll
0x00007ffd637d0000 - 0x00007ffd637eb000 	C:\Program Files\Android\Android Studio\jbr\bin\VCRUNTIME140.dll
0x00007ffd60210000 - 0x00007ffd604a3000 	C:\WINDOWS\WinSxS\amd64_microsoft.windows.common-controls_6595b64144ccf1df_6.0.26100.8037_none_3e092faae333b53b\COMCTL32.dll
0x00007ffd823f0000 - 0x00007ffd82499000 	C:\WINDOWS\System32\msvcrt.dll
0x00007ffd83420000 - 0x00007ffd83451000 	C:\WINDOWS\System32\IMM32.DLL
0x00007ffd787c0000 - 0x00007ffd787cc000 	C:\Program Files\Android\Android Studio\jbr\bin\vcruntime140_1.dll
0x00007ffd43f80000 - 0x00007ffd4400d000 	C:\Program Files\Android\Android Studio\jbr\bin\msvcp140.dll
0x00007ffcfebe0000 - 0x00007ffcff876000 	C:\Program Files\Android\Android Studio\jbr\bin\server\jvm.dll
0x00007ffd83190000 - 0x00007ffd8324b000 	C:\WINDOWS\System32\ADVAPI32.dll
0x00007ffd82a70000 - 0x00007ffd82b17000 	C:\WINDOWS\System32\sechost.dll
0x00007ffd82660000 - 0x00007ffd82778000 	C:\WINDOWS\System32\RPCRT4.dll
0x00007ffd81840000 - 0x00007ffd818b4000 	C:\WINDOWS\System32\WS2_32.dll
0x00007ffd7fbe0000 - 0x00007ffd7fc3e000 	C:\WINDOWS\SYSTEM32\POWRPROF.dll
0x00007ffd75d30000 - 0x00007ffd75d65000 	C:\WINDOWS\SYSTEM32\WINMM.dll
0x00007ffd6f6a0000 - 0x00007ffd6f6ab000 	C:\WINDOWS\SYSTEM32\VERSION.dll
0x00007ffd7fbc0000 - 0x00007ffd7fbd4000 	C:\WINDOWS\SYSTEM32\UMPDC.dll
0x00007ffd7eb10000 - 0x00007ffd7eb2b000 	C:\WINDOWS\SYSTEM32\kernel.appcore.dll
0x00007ffd637c0000 - 0x00007ffd637ca000 	C:\Program Files\Android\Android Studio\jbr\bin\jimage.dll
0x00007ffd7dad0000 - 0x00007ffd7dd12000 	C:\WINDOWS\SYSTEM32\DBGHELP.DLL
0x00007ffd81430000 - 0x00007ffd817b2000 	C:\WINDOWS\System32\combase.dll
0x00007ffd82310000 - 0x00007ffd823e7000 	C:\WINDOWS\System32\OLEAUT32.dll
0x00007ffd5ea60000 - 0x00007ffd5ea9b000 	C:\WINDOWS\SYSTEM32\dbgcore.DLL
0x00007ffd805e0000 - 0x00007ffd80685000 	C:\WINDOWS\System32\bcryptPrimitives.dll
0x00007ffd5afc0000 - 0x00007ffd5afe0000 	C:\Program Files\Android\Android Studio\jbr\bin\java.dll
0x00007ffd5af50000 - 0x00007ffd5af68000 	C:\Program Files\Android\Android Studio\jbr\bin\zip.dll
0x00007ffd81aa0000 - 0x00007ffd821ff000 	C:\WINDOWS\System32\SHELL32.dll
0x00007ffd7fd80000 - 0x00007ffd7feea000 	C:\WINDOWS\System32\wintypes.dll
0x00007ffd80910000 - 0x00007ffd81174000 	C:\WINDOWS\System32\windows.storage.dll
0x00007ffd82560000 - 0x00007ffd82657000 	C:\WINDOWS\System32\SHCORE.dll
0x00007ffd83350000 - 0x00007ffd833b7000 	C:\WINDOWS\System32\shlwapi.dll
0x00007ffd7fca0000 - 0x00007ffd7fcc9000 	C:\WINDOWS\SYSTEM32\profapi.dll
0x00007ffd637b0000 - 0x00007ffd637c0000 	C:\Program Files\Android\Android Studio\jbr\bin\net.dll
0x00007ffd6fb60000 - 0x00007ffd6fc87000 	C:\WINDOWS\SYSTEM32\WINHTTP.dll
0x00007ffd7f080000 - 0x00007ffd7f0eb000 	C:\WINDOWS\system32\mswsock.dll
0x00007ffd5aa80000 - 0x00007ffd5aa96000 	C:\Program Files\Android\Android Studio\jbr\bin\nio.dll
0x00007ffd5a570000 - 0x00007ffd5a580000 	C:\Program Files\Android\Android Studio\jbr\bin\verify.dll

JVMTI agents: none

dbghelp: loaded successfully - version: 4.0.5 - missing functions: none
symbol engine: initialized successfully - sym options: 0x614 - pdb path: .;C:\Program Files\Android\Android Studio\jbr\bin;C:\WINDOWS\SYSTEM32;C:\WINDOWS\WinSxS\amd64_microsoft.windows.common-controls_6595b64144ccf1df_6.0.26100.8037_none_3e092faae333b53b;C:\Program Files\Android\Android Studio\jbr\bin\server

VM Arguments:
java_command: org.jetbrains.kotlin.cli.jvm.K2JVMCompiler @C:\Users\VENKAT\AndroidStudioProjects\Breedclassifier\app\build\20260326_16073361903944169788.compiler.options
java_class_path (initial): C:\Users\VENKAT\.gradle\caches\modules-2\files-2.1\org.jetbrains.kotlin\kotlin-compiler-embeddable\2.0.21\79346ed53db48b18312a472602eb5c057070c54d\kotlin-compiler-embeddable-2.0.21.jar;C:\Users\VENKAT\.gradle\caches\modules-2\files-2.1\org.jetbrains.kotlin\kotlin-stdlib\2.0.21\618b539767b4899b4660a83006e052b63f1db551\kotlin-stdlib-2.0.21.jar;C:\Users\VENKAT\.gradle\caches\modules-2\files-2.1\org.jetbrains.kotlin\kotlin-script-runtime\2.0.21\c9b044380ad41f89aa89aa896c2d32a8c0b2129d\kotlin-script-runtime-2.0.21.jar;C:\Users\VENKAT\.gradle\caches\modules-2\files-2.1\org.jetbrains.kotlin\kotlin-reflect\1.6.10\1cbe9c92c12a94eea200d23c2bbaedaf3daf5132\kotlin-reflect-1.6.10.jar;C:\Users\VENKAT\.gradle\caches\modules-2\files-2.1\org.jetbrains.kotlin\kotlin-daemon-embeddable\2.0.21\c9e933b23287de9b5a17e2116b4657bb91aea72c\kotlin-daemon-embeddable-2.0.21.jar;C:\Users\VENKAT\.gradle\caches\modules-2\files-2.1\org.jetbrains.intellij.deps\trove4j\1.0.20200330\3afb14d5f9ceb459d724e907a21145e8ff394f02\trove4j-1.0.20200330.jar;C:\Users\VENKAT\.gradle\caches\modules-2\files-2.1\org.jetbrains.kotlinx\kotlinx-coroutines-core-jvm\1.6.4\2c997cd1c0ef33f3e751d3831929aeff1390cb30\kotlinx-coroutines-core-jvm-1.6.4.jar;C:\Users\VENKAT\.gradle\caches\modules-2\files-2.1\org.jetbrains\annotations\13.0\919f0dfe192fb4e063e7dacadee7f8bb9a2672a9\annotations-13.0.jar
Launcher Type: SUN_STANDARD

[Global flags]
     intx CICompilerCount                          = 3                                         {product} {ergonomic}
     uint ConcGCThreads                            = 1                                         {product} {ergonomic}
     uint G1ConcRefinementThreads                  = 4                                         {product} {ergonomic}
   size_t G1HeapRegionSize                         = 1048576                                   {product} {ergonomic}
    uintx GCDrainStackTargetSize                   = 64                                        {product} {ergonomic}
   size_t InitialHeapSize                          = 130023424                                 {product} {ergonomic}
   size_t MarkStackSize                            = 4194304                                   {product} {ergonomic}
   size_t MaxHeapSize                              = 2055208960                                {product} {ergonomic}
   size_t MaxNewSize                               = 1233125376                                {product} {ergonomic}
   size_t MinHeapDeltaBytes                        = 1048576                                   {product} {ergonomic}
   size_t MinHeapSize                              = 8388608                                   {product} {ergonomic}
    uintx NonNMethodCodeHeapSize                   = 5832780                                {pd product} {ergonomic}
    uintx NonProfiledCodeHeapSize                  = 122912730                              {pd product} {ergonomic}
    uintx ProfiledCodeHeapSize                     = 122912730                              {pd product} {ergonomic}
    uintx ReservedCodeCacheSize                    = 251658240                              {pd product} {ergonomic}
     bool SegmentedCodeCache                       = true                                      {product} {ergonomic}
   size_t SoftMaxHeapSize                          = 2055208960                             {manageable} {ergonomic}
     bool UseCompressedOops                        = true                           {product lp64_product} {ergonomic}
     bool UseG1GC                                  = true                                      {product} {ergonomic}
     bool UseLargePagesIndividualAllocation        = false                                  {pd product} {ergonomic}

Logging:
Log output configuration:
 #0: stdout all=warning uptime,level,tags foldmultilines=false
 #1: stderr all=off uptime,level,tags foldmultilines=false

Release file:
JAVA_VERSION="21.0.9" 
MODULES="java.base java.compiler java.datatransfer java.xml java.prefs java.desktop java.instrument java.logging java.management java.security.sasl java.naming java.rmi java.management.rmi java.net.http java.scripting java.security.jgss java.transaction.xa java.sql java.sql.rowset java.xml.crypto java.se java.smartcardio jdk.accessibility jdk.internal.jvmstat jdk.attach jdk.charsets jdk.internal.opt jdk.zipfs jdk.compiler jdk.crypto.ec jdk.crypto.cryptoki jdk.dynalink jdk.hotspot.agent jdk.httpserver jdk.internal.ed jdk.internal.le jdk.internal.vm.ci jdk.jartool jdk.javadoc jdk.jcmd jdk.jdeps jdk.jdwp.agent jdk.jdi jdk.jfr jdk.jlink jdk.jsobject jdk.localedata jdk.management jdk.management.agent jdk.management.jfr jdk.naming.dns jdk.naming.rmi jdk.net jdk.sctp jdk.security.auth jdk.security.jgss jdk.unsupported jdk.unsupported.desktop jdk.xml.dom" 
IMPLEMENTOR="JetBrains s.r.o." 
JAVA_RUNTIME_VERSION="21.0.9+-14787801-b1163.94" 
LIBC="default" 
OS_ARCH="x86_64" 
OS_NAME="Windows" 
SOURCE=".:git:0c757ddc9f2f" 

Environment Variables:
JAVA_HOME=C:\Program Files\Java\jdk-22
PATH=C:\Program Files\Common Files\Oracle\Java\javapath;C:\WINDOWS\system32;C:\WINDOWS;C:\WINDOWS\System32\Wbem;C:\WINDOWS\System32\WindowsPowerShell\v1.0\;C:\WINDOWS\System32\OpenSSH\;C:\Program Files\HP\HP One Agent;C:\Program Files\Java\jdk-22\bin;C:\Program Files (x86)\Windows Kits\10\Windows Performance Toolkit\;C:\Program Files\dotnet\;C:\WINDOWS\system32;C:\WINDOWS;C:\WINDOWS\System32\Wbem;C:\WINDOWS\System32\WindowsPowerShell\v1.0\;C:\WINDOWS\System32\OpenSSH\;C:\Program Files\Java\jdk-24\bin;C:\Program Files\Git\cmd;C:\msys64\ucrt64\bin
USERNAME=VENKAT
OS=Windows_NT
PROCESSOR_IDENTIFIER=Intel64 Family 6 Model 140 Stepping 1, GenuineIntel
TMP=C:\Users\VENKAT\AppData\Local\Temp
TEMP=C:\Users\VENKAT\AppData\Local\Temp




Periodic native trim disabled

JNI global refs:
JNI global refs: 11, weak refs: 7

JNI global refs memory usage: 835, weak refs: 833

Process memory usage:
Resident Set Size: 172468K (2% of 8022752K total physical memory with 46076K free physical memory)

OOME stack traces (most recent first):
Classloader memory used:
Loader jdk.internal.loader.ClassLoaders$AppClassLoader                                 : 50153K
Loader bootstrap                                                                       : 11168K
Loader java.net.URLClassLoader                                                         : 260K

---------------  S Y S T E M  ---------------

OS:
 Windows 11 , 64 bit Build 26100 (10.0.26100.7920)
OS uptime: 0 days 4:20 hours

CPU: total 4 (initial active 4) (2 cores per cpu, 2 threads per core) family 6 model 140 stepping 1 microcode 0xb4, cx8, cmov, fxsr, ht, mmx, 3dnowpref, sse, sse2, sse3, ssse3, sse4.1, sse4.2, popcnt, lzcnt, tsc, tscinvbit, avx, avx2, aes, erms, clmul, bmi1, bmi2, adx, avx512f, avx512dq, avx512cd, avx512bw, avx512vl, sha, fma, vzeroupper, avx512_vpopcntdq, avx512_vpclmulqdq, avx512_vaes, avx512_vnni, clflush, clflushopt, clwb, avx512_vbmi2, avx512_vbmi, rdtscp, rdpid, fsrm, gfni, avx512_bitalg, f16c, pku, cet_ibt, cet_ss, avx512_ifma
Processor Information for the first 4 processors :
  Max Mhz: 2901, Current Mhz: 2901, Mhz Limit: 2901

Memory: 4k page, system-wide physical 7834M (27M free)
TotalPageFile size 20334M (AvailPageFile size 4M)
current process WorkingSet (physical memory assigned to process): 173M, peak: 262M
current process commit charge ("private bytes"): 341M, peak: 350M

vm_info: OpenJDK 64-Bit Server VM (21.0.9+-14787801-b1163.94) for windows-amd64 JRE (21.0.9+-14787801-b1163.94), built on 2026-01-27T21:15:44Z by "builder" with MS VC++ 16.10 / 16.11 (VS2019)

END.
